To honour the JVM settings for this build a single-use Daemon process will be forked. For more on this, please refer to https://docs.gradle.org/8.12.1/userguide/gradle_daemon.html#sec:disabling_the_daemon in the Gradle documentation.
Daemon will be stopped at the end of the build 
> Task :createMinecraftArtifacts UP-TO-DATE

> Task :compileJava
.\gradlew.bat : F:\Minecraft\ModDev\PoopSkyMod\src\main\java\com\altnoir\poopsky\datagen\PSBlockStateProvider.java:354: 閿欒: 鎵句笉鍒扮鍙?    private <T extends Enum<T> & StringRepresentable> void registerLavaVariantToilet(
所在位置 行:1 字符: 46
+ ... ModDev\PoopSkyMod; .\gradlew.bat compileJava --no-daemon 2>&1 | Out-F ...
+                        ~~~~~~~~~~~~~~~~~~~~~~~~~~~~~~~~~~~~~~~~~~
    + CategoryInfo          : NotSpecified: (F:\Minecraft\Mo...aVariantToilet(:String) [], RemoteException
    + FullyQualifiedErrorId : NativeCommandError
 
                                 ^
  绗﹀彿:   绫?StringRepresentable
  浣嶇疆: 绫?PSBlockStateProvider
1 涓敊璇?

> Task :compileJava FAILED

[Incubating] Problems report is available at: file:///F:/Minecraft/ModDev/PoopSkyMod/build/reports/problems/problems-report.html

FAILURE: Build failed with an exception.

* What went wrong:
Execution failed for task ':compileJava'.
> Compilation failed; see the compiler output below.
  F:\Minecraft\ModDev\PoopSkyMod\src\main\java\com\altnoir\poopsky\datagen\PSBlockStateProvider.java:354: 閿欒: 鎵句笉鍒扮鍙?      private <T extends Enum<T> & StringRepresentable> void registerLavaVariantToilet(
                                   ^
    绗﹀彿:   绫?StringRepresentable
    浣嶇疆: 绫?PSBlockStateProvider
  1 涓敊璇?

* Try:
> Check your code and dependencies to fix the compilation error(s)
> Run with --scan to get full insights.

Deprecated Gradle features were used in this build, making it incompatible with Gradle 9.0.

You can use '--warning-mode all' to show the individual deprecation warnings and determine if they come from your own scripts or plugins.

For more on this, please refer to https://docs.gradle.org/8.12.1/userguide/command_line_interface.html#sec:command_line_warnings in the Gradle documentation.

BUILD FAILED in 8s
2 actionable tasks: 1 executed, 1 up-to-date
